<ul><li> リスト1</li><li> リスト2</li></ul>
<ol>
<li> 数字付きリスト1<p>子要素がパラグラフ系</p>
</li><li> 数字付きリスト2</li><ol>
<li> 数字付き二段目1</li><li> 数字付き二段目2</li><ol>
<li> 数字付き三段目3</li></ol>
<li> 数字付き戻る</li></ol>
<li> 数字付き戻る</li><ol>
<li> 復帰</li></ol>
</ol>
<ul>
<li> 二段リスト1</li><li> 二段リスト2</li><li> 二段リスト3</li></ul>
<ul>
<li> 多段リスト1</li><ul>
<li> 多段リスト子要素レベル1</li><ul>
<li> 多段リスト子要素レベル2</li></ul>
</ul>
<li> 多段リスト2</li></ul>
<ul>
<li>レベル1</li><ul>
<li>レベル2</li><ul>
<li>レベル3</li></ul>
</ul>
<li>レベル1</li><ul>
<li>レベル2</li></ul>
</ul>
<ul>
<li> 空要素込み</li><li> 空要素終わり</li></ul>
<ul>
<li>テスト～①</li><ul>
<li>テスト～①</li></ul>
</ul>
<ol>
<li>テスト～①</li><li>-テスト～①</li></ol>
<ul>
<li>+テスト～①</li></ul>
