<h2>
 Tuigwaa のライセンスについて
</h2>
<table>
<tbody>
<tr><td>
hoge
</td>
<td>
日本語
</td>
<td>
三つ目
</td>
<td>
四つ目
</td>
</tr><tr><td>
さあどうなる
</td>
<td>
これも
</td>
<td>
テーブル
</td>
<td>
だよ
</td>
</tr></tbody>
</table>
<h3>
 子要素
</h3>
<blockquote>引用してみる。引用続いている。<blockquote>二段目の引用。さらに引用する?<blockquote>三段目の引用</blockquote>
</blockquote>
</blockquote>
<hr/>
<h4>
 孫要素 <a id="tg00" class="anchor_super" href="#tg00">&nbsp;</a>
</h4>
<p>何かあったらhogehoge@hogehoge.comまでご連絡ください。</p>
<h2>
 次。
</h2>
<p><a href="#tg00">アンカー</a>です。</p>
