<table><tbody><tr><td>
テスト
</td>
<td>
テスト
</td>
<td>
テスト
</td>
</tr><tr><td>
テスト2
</td>
<td>
テスト2
</td>
<td>
テスト2
</td>
</tr></tbody>
</table>
<table>
<tbody>
<tr><td>
テスト3
</td>
<td>
テスト3
</td>
</tr></tbody>
</table>
<table>
<tbody>
<tr><td rowspan="3">
テスト
</td>
<td>
テスト
</td>
<td>
漢字
</td>
</tr><tr><td>
テスト2
</td>
<td rowspan="2">
テスト2
</td>
</tr><tr><td>
テスト3
</td>
</tr></tbody>
</table>
<table>
<tbody>
<tr><td>
テスト
</td>
<td colspan="2">
テスト
</td>
<td>
テスト2
</td>
<td colspan="3">
テスト2
</td>
</tr></tbody>
</table>
<table>
<tbody>
<tr><td style="background-color:RED;">
テスト
</td>
<td style="color:BLUE;">
テスト
</td>
<td style="text-align:LEFT;">
テスト
</td>
</tr></tbody>
</table>
<table>
<tbody>
<tr><td style="text-align:LEFT;background-color:RED;color:BLUE;">
テスト
</td>
</tr></tbody>
</table>
<table>
<thead>
<tr><th>
テストh
</th>
<th>
テスト
</th>
<th>
テスト
</th>
</tr></thead>
<tfooter>
<tr><td>
テスト2
</td>
<td>
テスト2f
</td>
<td>
テスト2
</td>
</tr></tfooter>
<tbody>
<tr><td>
テスト3
</td>
<td>
テストf
</td>
<td>
テスト
</td>
</tr><tr><td>
テスト4h
</td>
<td>
テスト4
</td>
<td>
テスト4
</td>
</tr></tbody>
</table>
<table>
<tbody>
<tr><td>
テスト
</td>
<td>
テスト
</td>
<td>
テスト
</td>
</tr><tr><td colspan="2">
テスト
</td>
<td>
テスト
</td>
</tr></tbody>
</table>
<table>
<tbody>
<tr><td>
 T 
</td>
<td>
test
</td>
</tr><tr><td>
:test(this colon is lexical error point, ignore.)
</td>
<td>
test
</td>
</tr><tr><td>
-test
</td>
<td>
test
</td>
</tr><tr><td>
&gt;test
</td>
<td>
test
</td>
</tr></tbody>
</table>
<table>
<tbody>
<tr><td>
test(ms)
</td>
<td>
test(ms)
</td>
<td>
test(ms)
</td>
</tr><tr><td>
test
</td>
<td>
test
</td>
<td>
test
</td>
</tr></tbody>
</table>
<table>
<tbody>
<tr><td>
<del>test</del>
</td>
<td>
<strong>test</strong>
</td>
<td>
<em>test</em>
</td>
</tr><tr>
<td/>
<td/>
<td/>
</tr></tbody>
</table>
<table>
<thead>
<tr><th>
h
</th>
<th>
h
</th>
</tr></thead>
<tfooter>
<tr><td>
f
</td>
<td>
f
</td>
</tr></tfooter>
</table>
